// Jest Snapshot v1, https://goo.gl/fbAQLP

exports[`Snapshot Test 1`] = `
<DocumentFragment>
  <div>
    <div
      class="BoxList"
    >
      <div
        class="Box"
        data-testid="BG-Aquamarine"
        style="background-color: Aquamarine; height: 200px; width: 200px;"
      >
        <button
          class="Box-btn"
          data-testid="Aquamarine"
        >
          X
        </button>
      </div>
      <div
        class="Box"
        data-testid="BG-Azure"
        style="background-color: Azure; height: 200px; width: 200px;"
      >
        <button
          class="Box-btn"
          data-testid="Azure"
        >
          X
        </button>
      </div>
      <div
        class="Box"
        data-testid="BG-CadetBlue"
        style="background-color: CadetBlue; height: 200px; width: 200px;"
      >
        <button
          class="Box-btn"
          data-testid="CadetBlue"
        >
          X
        </button>
      </div>
      <div
        class="Box"
        data-testid="BG-DarkCyan"
        style="background-color: DarkCyan; height: 200px; width: 200px;"
      >
        <button
          class="Box-btn"
          data-testid="DarkCyan"
        >
          X
        </button>
      </div>
      <div
        class="Box"
        data-testid="BG-Cyan"
        style="background-color: Cyan; height: 200px; width: 200px;"
      >
        <button
          class="Box-btn"
          data-testid="Cyan"
        >
          X
        </button>
      </div>
      <div
        class="Box"
        data-testid="BG-DarkTurquoise"
        style="background-color: DarkTurquoise; height: 200px; width: 200px;"
      >
        <button
          class="Box-btn"
          data-testid="DarkTurquoise"
        >
          X
        </button>
      </div>
      <div
        class="Box"
        data-testid="BG-ForestGreen"
        style="background-color: ForestGreen; height: 200px; width: 200px;"
      >
        <button
          class="Box-btn"
          data-testid="ForestGreen"
        >
          X
        </button>
      </div>
    </div>
    <div
      class="NewBoxForm"
    >
      <h2>
        Add a New Box
      </h2>
      <form>
        <div>
          <label
            for="color"
          >
            Box Color:
          </label>
           
          <br />
          <input
            id="color"
            name="color"
            type="text"
            value=""
          />
        </div>
        <div>
          <label
            for="width"
          >
            Box Width:
          </label>
           
          <br />
          <input
            id="width"
            name="width"
            type="text"
            value=""
          />
        </div>
        <div>
          <label
            for="height"
          >
            Box Height:
          </label>
           
          <br />
          <input
            id="height"
            name="height"
            type="text"
            value=""
          />
        </div>
        <button>
          Add Box!
        </button>
      </form>
    </div>
  </div>
</DocumentFragment>
`;
