// Jest Snapshot v1, https://goo.gl/fbAQLP

exports[`Snapshot Test 1`] = `
<DocumentFragment>
  <div
    class="Box"
    data-testid="BG-undefined"
  >
    <button
      class="Box-btn"
    >
      X
    </button>
  </div>
</DocumentFragment>
`;
