// Jest Snapshot v1, https://goo.gl/fbAQLP

exports[`Snapshot Test 1`] = `
<DocumentFragment>
  <div
    class="NewBoxForm"
  >
    <h2>
      Add a New Box
    </h2>
    <form>
      <div>
        <label
          for="color"
        >
          Box Color:
        </label>
         
        <br />
        <input
          id="color"
          name="color"
          type="text"
          value=""
        />
      </div>
      <div>
        <label
          for="width"
        >
          Box Width:
        </label>
         
        <br />
        <input
          id="width"
          name="width"
          type="text"
          value=""
        />
      </div>
      <div>
        <label
          for="height"
        >
          Box Height:
        </label>
         
        <br />
        <input
          id="height"
          name="height"
          type="text"
          value=""
        />
      </div>
      <button>
        Add Box!
      </button>
    </form>
  </div>
</DocumentFragment>
`;
